
### https://www.google.com/adsense/new/u/0/home
  url reelle      : https://accounts.google.com/v3/signin/identifier?continue=https://adsense.google.com/adsense/login?continue%3Dhttps://adsense.google.com/adsense/u/0/home%26tpid%3Dhome%26pid%3Dhome&followup=https://adsense.google.com/adsense/login?continue%3Dhttps://adsense.google.com/adsense/u/0/home%26tpid%3Dhome%26pid%3Dhome&osid=1&passive=1209600&service=adsense&flowName=GlifWebSignIn&flowEntry=ServiceLogin&dsh=S554891680:1788290417205775
  titre           : Google AdSense
  identifiant pub : []
  statelinecalc   : false
  --- texte ---
Chargement en cours…
Connexion
avec votre compte Google pour accéder à AdSense. Ce compte sera disponible pour d'autres applis Google dans le navigateur.
Adresse e-mail ou téléphone
Adresse e-mail oubliée ?
Ce n'est pas votre ordinateur ? Utilisez le mode Invité pour vous connecter en mode privé. En savoir plus sur l'utilisation du mode Invité
Suivant
Créer un compte
Français (France)
Aide
Confidentialité
Conditions

### https://www.google.com/adsense/new/u/0/sites
  url reelle      : https://accounts.google.com/v3/signin/identifier?continue=https://adsense.google.com/adsense/login?continue%3Dhttps://adsense.google.com/adsense/u/0/sites%26tpid%3Dsites%26pid%3Dsites&followup=https://adsense.google.com/adsense/login?continue%3Dhttps://adsense.google.com/adsense/u/0/sites%26tpid%3Dsites%26pid%3Dsites&osid=1&passive=1209600&service=adsense&flowName=GlifWebSignIn&flowEntry=ServiceLogin&dsh=S-550144041:1788290436204767
  titre           : Google AdSense
  identifiant pub : []
  statelinecalc   : false
  --- texte ---
Chargement en cours…
Connexion
avec votre compte Google pour accéder à AdSense. Ce compte sera disponible pour d'autres applis Google dans le navigateur.
Adresse e-mail ou téléphone
Adresse e-mail oubliée ?
Ce n'est pas votre ordinateur ? Utilisez le mode Invité pour vous connecter en mode privé. En savoir plus sur l'utilisation du mode Invité
Suivant
Créer un compte
Français (France)
Aide
Confidentialité
Conditions

LECTURE SEULE.