url      : https://search.google.com/search-console/about
titre    : Google Search Console
connecte : true   propriete visible : false
--- debut de page ---
Start now
Improve your performance on Google Search
Search Console tools and reports help you measure your site's Search traffic and performance, fix issues, and make your site shine in Google Search results
Start now
Optimize your content with Search Analytics
See which queries bring users to your site. Analyze your site's impressions, clicks, and position on Google Search.
Get your content on Google
Submit sitemaps and individual URLs for crawling. Review your index coverage to make sure that Google has the freshest view of your site.
Get alerted on issues and fix your site
Receive email alerts when Google identifies issues on your site. See which URLs are affected by these issues and tell Google when you’ve fixed them.
Understand how Google Search sees your pages
The URL Inspection tool provides detailed crawl, index, and serving information about your pages, directly from the Google index.
Search Console Training
Learn how to optimize your search appearance on Google and increase organic traffic to your website

Intro to Google Search Console

7 ways to verify site ownership

Performance reports in Search Console

URL Inspection Tool
More videos
Optimize and enhance your si

LECTURE SEULE. Aucun bouton clique.